2026-04-07T08:20:05: 
2026-04-07T08:20:05: > siapi-maintenance@1.0.0 start
2026-04-07T08:20:05: > npx serve public -p 5012 -s
2026-04-07T08:20:05: 
2026-04-07T08:20:11:  INFO  Accepting connections at http://localhost:5012
2026-04-07T08:20:13:  HTTP  4/7/2026 8:20:13 AM ::1 GET /
2026-04-07T08:20:13:  HTTP  4/7/2026 8:20:13 AM ::1 Returned 200 in 41 ms
2026-04-07T08:20:13:  HTTP  4/7/2026 8:20:13 AM ::1 GET /favicon.ico
2026-04-07T08:20:13:  HTTP  4/7/2026 8:20:13 AM ::1 Returned 200 in 1 ms
2026-04-07T09:49:38:  HTTP  4/7/2026 9:49:38 AM ::1 GET /
2026-04-07T09:49:38:  HTTP  4/7/2026 9:49:38 AM ::1 Returned 200 in 10 ms
2026-04-07T09:49:38:  HTTP  4/7/2026 9:49:38 AM ::1 GET /favicon.ico
2026-04-07T09:49:38:  HTTP  4/7/2026 9:49:38 AM ::1 Returned 200 in 2 ms
2026-04-07T09:51:26:  HTTP  4/7/2026 9:51:26 AM ::1 GET /
2026-04-07T09:51:26:  HTTP  4/7/2026 9:51:26 AM ::1 Returned 200 in 1 ms
2026-04-07T09:51:26:  HTTP  4/7/2026 9:51:26 AM ::1 GET /favicon.ico
2026-04-07T09:51:26:  HTTP  4/7/2026 9:51:26 AM ::1 Returned 200 in 4 ms
2026-04-07T09:52:37:  HTTP  4/7/2026 9:52:37 AM ::1 GET /
2026-04-07T09:52:37:  HTTP  4/7/2026 9:52:37 AM ::1 Returned 200 in 2 ms
2026-04-07T09:52:37:  HTTP  4/7/2026 9:52:37 AM ::1 GET /favicon.ico
2026-04-07T09:52:37:  HTTP  4/7/2026 9:52:37 AM ::1 Returned 200 in 1 ms
2026-04-07T09:52:50:  HTTP  4/7/2026 9:52:50 AM ::1 GET /
2026-04-07T09:52:50:  HTTP  4/7/2026 9:52:50 AM ::1 Returned 304 in 2 ms
2026-04-07T09:52:51:  HTTP  4/7/2026 9:52:51 AM ::1 GET /favicon.ico
2026-04-07T09:52:51:  HTTP  4/7/2026 9:52:51 AM ::1 Returned 304 in 1 ms
2026-04-07T09:52:52:  HTTP  4/7/2026 9:52:52 AM ::1 GET /
2026-04-07T09:52:52:  HTTP  4/7/2026 9:52:52 AM ::1 Returned 304 in 1 ms
2026-04-07T09:52:52:  HTTP  4/7/2026 9:52:52 AM ::1 GET /favicon.ico
2026-04-07T09:52:52:  HTTP  4/7/2026 9:52:52 AM ::1 Returned 304 in 2 ms
2026-04-07T09:53:38:  HTTP  4/7/2026 9:53:38 AM ::1 GET /
2026-04-07T09:53:38:  HTTP  4/7/2026 9:53:38 AM ::1 Returned 304 in 2 ms
2026-04-07T09:53:38:  HTTP  4/7/2026 9:53:38 AM ::1 GET /favicon.ico
2026-04-07T09:53:38:  HTTP  4/7/2026 9:53:38 AM ::1 Returned 304 in 1 ms
2026-04-07T09:53:57:  HTTP  4/7/2026 9:53:57 AM ::1 GET /
2026-04-07T09:53:57:  HTTP  4/7/2026 9:53:57 AM ::1 Returned 200 in 2 ms
2026-04-07T09:53:57:  HTTP  4/7/2026 9:53:57 AM ::1 GET /favicon.ico
2026-04-07T09:53:57:  HTTP  4/7/2026 9:53:57 AM ::1 Returned 200 in 1 ms
2026-04-07T09:53:58:  HTTP  4/7/2026 9:53:58 AM ::1 GET /
2026-04-07T09:53:58:  HTTP  4/7/2026 9:53:58 AM ::1 Returned 304 in 1 ms
2026-04-07T09:53:59:  HTTP  4/7/2026 9:53:59 AM ::1 GET /favicon.ico
2026-04-07T09:53:59:  HTTP  4/7/2026 9:53:59 AM ::1 Returned 304 in 2 ms
2026-04-07T09:54:00:  HTTP  4/7/2026 9:54:00 AM ::1 GET /
2026-04-07T09:54:00:  HTTP  4/7/2026 9:54:00 AM ::1 Returned 304 in 1 ms
2026-04-07T09:54:00:  HTTP  4/7/2026 9:54:00 AM ::1 GET /favicon.ico
2026-04-07T09:54:00:  HTTP  4/7/2026 9:54:00 AM ::1 Returned 304 in 2 ms
2026-04-07T09:56:32:  HTTP  4/7/2026 9:56:32 AM ::1 GET /
2026-04-07T09:56:32:  HTTP  4/7/2026 9:56:32 AM ::1 Returned 200 in 3 ms
2026-04-07T09:56:32:  HTTP  4/7/2026 9:56:32 AM ::1 GET /favicon.ico
2026-04-07T09:56:32:  HTTP  4/7/2026 9:56:32 AM ::1 Returned 200 in 5 ms
2026-04-07T09:56:36:  HTTP  4/7/2026 9:56:36 AM ::1 GET /
2026-04-07T09:56:36:  HTTP  4/7/2026 9:56:36 AM ::1 Returned 200 in 2 ms
2026-04-07T09:56:36:  HTTP  4/7/2026 9:56:36 AM ::1 GET /favicon.ico
2026-04-07T09:56:36:  HTTP  4/7/2026 9:56:36 AM ::1 Returned 200 in 1 ms
2026-04-07T09:56:37:  HTTP  4/7/2026 9:56:37 AM ::1 GET /
2026-04-07T09:56:37:  HTTP  4/7/2026 9:56:37 AM ::1 Returned 304 in 1 ms
2026-04-07T09:56:37:  HTTP  4/7/2026 9:56:37 AM ::1 GET /favicon.ico
2026-04-07T09:56:37:  HTTP  4/7/2026 9:56:37 AM ::1 Returned 304 in 1 ms
2026-04-07T09:56:53:  HTTP  4/7/2026 9:56:53 AM ::1 GET /
2026-04-07T09:56:53:  HTTP  4/7/2026 9:56:53 AM ::1 Returned 200 in 2 ms
2026-04-07T09:56:53:  HTTP  4/7/2026 9:56:53 AM ::1 GET /favicon.ico
2026-04-07T09:56:53:  HTTP  4/7/2026 9:56:53 AM ::1 Returned 200 in 3 ms
2026-04-07T10:04:29:  HTTP  4/7/2026 10:04:29 AM ::1 GET /
2026-04-07T10:04:29:  HTTP  4/7/2026 10:04:29 AM ::1 Returned 200 in 2 ms
2026-04-07T10:04:29:  HTTP  4/7/2026 10:04:29 AM ::1 GET /logokma.png
2026-04-07T10:04:29:  HTTP  4/7/2026 10:04:29 AM ::1 Returned 200 in 5 ms
2026-04-07T10:04:29:  HTTP  4/7/2026 10:04:29 AM ::1 GET /favicon.ico
2026-04-07T10:04:29:  HTTP  4/7/2026 10:04:29 AM ::1 Returned 200 in 1 ms
2026-04-07T10:04:43:  HTTP  4/7/2026 10:04:43 AM ::1 GET /
2026-04-07T10:04:43:  HTTP  4/7/2026 10:04:43 AM ::1 Returned 304 in 1 ms
2026-04-07T10:04:44:  HTTP  4/7/2026 10:04:44 AM ::1 GET /logokma.png
2026-04-07T10:04:44:  HTTP  4/7/2026 10:04:44 AM ::1 Returned 304 in 1 ms
2026-04-07T10:04:44:  HTTP  4/7/2026 10:04:44 AM ::1 GET /favicon.ico
2026-04-07T10:04:44:  HTTP  4/7/2026 10:04:44 AM ::1 Returned 304 in 2 ms
2026-04-07T10:04:44:  HTTP  4/7/2026 10:04:44 AM ::1 GET /
2026-04-07T10:04:44:  HTTP  4/7/2026 10:04:44 AM ::1 Returned 200 in 3 ms
2026-04-07T10:04:44:  HTTP  4/7/2026 10:04:44 AM ::1 GET /logokma.png
2026-04-07T10:04:44:  HTTP  4/7/2026 10:04:44 AM ::1 Returned 304 in 1 ms
2026-04-07T10:04:44:  HTTP  4/7/2026 10:04:44 AM ::1 GET /favicon.ico
2026-04-07T10:04:44:  HTTP  4/7/2026 10:04:44 AM ::1 Returned 200 in 1 ms
2026-04-07T10:04:45:  HTTP  4/7/2026 10:04:45 AM ::1 GET /
2026-04-07T10:04:45:  HTTP  4/7/2026 10:04:45 AM ::1 Returned 304 in 1 ms
2026-04-07T10:04:45:  HTTP  4/7/2026 10:04:45 AM ::1 GET /logokma.png
2026-04-07T10:04:45:  HTTP  4/7/2026 10:04:45 AM ::1 Returned 304 in 1 ms
2026-04-07T10:04:45:  HTTP  4/7/2026 10:04:45 AM ::1 GET /favicon.ico
2026-04-07T10:04:45:  HTTP  4/7/2026 10:04:45 AM ::1 Returned 304 in 1 ms
2026-04-07T10:04:57:  HTTP  4/7/2026 10:04:57 AM ::1 GET /
2026-04-07T10:04:57:  HTTP  4/7/2026 10:04:57 AM ::1 Returned 200 in 3 ms
2026-04-07T10:04:57:  HTTP  4/7/2026 10:04:57 AM ::1 GET /logokma.png
2026-04-07T10:04:57:  HTTP  4/7/2026 10:04:57 AM ::1 Returned 304 in 2 ms
2026-04-07T10:04:57:  HTTP  4/7/2026 10:04:57 AM ::1 GET /favicon.ico
2026-04-07T10:04:57:  HTTP  4/7/2026 10:04:57 AM ::1 Returned 200 in 1 ms
2026-04-07T10:05:02:  HTTP  4/7/2026 10:05:02 AM ::1 GET /
2026-04-07T10:05:02:  HTTP  4/7/2026 10:05:02 AM ::1 Returned 304 in 1 ms
2026-04-07T10:05:02:  HTTP  4/7/2026 10:05:02 AM ::1 GET /logokma.png
2026-04-07T10:05:02:  HTTP  4/7/2026 10:05:02 AM ::1 Returned 304 in 0 ms
2026-04-07T10:05:02:  HTTP  4/7/2026 10:05:02 AM ::1 GET /favicon.ico
2026-04-07T10:05:02:  HTTP  4/7/2026 10:05:02 AM ::1 Returned 304 in 1 ms
2026-04-07T10:05:03:  HTTP  4/7/2026 10:05:03 AM ::1 GET /
2026-04-07T10:05:03:  HTTP  4/7/2026 10:05:03 AM ::1 Returned 200 in 2 ms
2026-04-07T10:05:03:  HTTP  4/7/2026 10:05:03 AM ::1 GET /logokma.png
2026-04-07T10:05:03:  HTTP  4/7/2026 10:05:03 AM ::1 Returned 304 in 2 ms
2026-04-07T10:05:03:  HTTP  4/7/2026 10:05:03 AM ::1 GET /favicon.ico
2026-04-07T10:05:03:  HTTP  4/7/2026 10:05:03 AM ::1 Returned 200 in 1 ms
2026-04-07T10:05:08:  HTTP  4/7/2026 10:05:08 AM ::1 GET /
2026-04-07T10:05:08:  HTTP  4/7/2026 10:05:08 AM ::1 Returned 200 in 3 ms
2026-04-07T10:05:08:  HTTP  4/7/2026 10:05:08 AM ::1 GET /logokma.png
2026-04-07T10:05:08:  HTTP  4/7/2026 10:05:08 AM ::1 Returned 304 in 2 ms
2026-04-07T10:05:08:  HTTP  4/7/2026 10:05:08 AM ::1 GET /favicon.ico
2026-04-07T10:05:08:  HTTP  4/7/2026 10:05:08 AM ::1 Returned 200 in 2 ms
2026-04-07T10:05:09:  HTTP  4/7/2026 10:05:09 AM ::1 GET /
2026-04-07T10:05:09:  HTTP  4/7/2026 10:05:09 AM ::1 Returned 304 in 2 ms
2026-04-07T10:05:09:  HTTP  4/7/2026 10:05:09 AM ::1 GET /logokma.png
2026-04-07T10:05:09:  HTTP  4/7/2026 10:05:09 AM ::1 Returned 304 in 2 ms
2026-04-07T10:05:09:  HTTP  4/7/2026 10:05:09 AM ::1 GET /favicon.ico
2026-04-07T10:05:09:  HTTP  4/7/2026 10:05:09 AM ::1 Returned 304 in 1 ms
2026-04-07T10:05:12:  HTTP  4/7/2026 10:05:12 AM ::1 GET /
2026-04-07T10:05:12:  HTTP  4/7/2026 10:05:12 AM ::1 Returned 200 in 2 ms
2026-04-07T10:05:12:  HTTP  4/7/2026 10:05:12 AM ::1 GET /logokma.png
2026-04-07T10:05:12:  HTTP  4/7/2026 10:05:12 AM ::1 Returned 304 in 2 ms
2026-04-07T10:05:12:  HTTP  4/7/2026 10:05:12 AM ::1 GET /favicon.ico
2026-04-07T10:05:12:  HTTP  4/7/2026 10:05:12 AM ::1 Returned 200 in 1 ms
2026-04-07T10:05:13:  HTTP  4/7/2026 10:05:13 AM ::1 GET /
2026-04-07T10:05:13:  HTTP  4/7/2026 10:05:13 AM ::1 Returned 304 in 1 ms
2026-04-07T10:05:13:  HTTP  4/7/2026 10:05:13 AM ::1 GET /logokma.png
2026-04-07T10:05:13:  HTTP  4/7/2026 10:05:13 AM ::1 Returned 304 in 1 ms
2026-04-07T10:05:13:  HTTP  4/7/2026 10:05:13 AM ::1 GET /favicon.ico
2026-04-07T10:05:13:  HTTP  4/7/2026 10:05:13 AM ::1 Returned 304 in 1 ms
2026-04-07T10:05:45:  HTTP  4/7/2026 10:05:45 AM ::1 GET /
2026-04-07T10:05:45:  HTTP  4/7/2026 10:05:45 AM ::1 Returned 200 in 2 ms
2026-04-07T10:05:45:  HTTP  4/7/2026 10:05:45 AM ::1 GET /logokma.png
2026-04-07T10:05:45:  HTTP  4/7/2026 10:05:45 AM ::1 Returned 304 in 1 ms
2026-04-07T10:05:45:  HTTP  4/7/2026 10:05:45 AM ::1 GET /favicon.ico
2026-04-07T10:05:45:  HTTP  4/7/2026 10:05:45 AM ::1 Returned 200 in 1 ms
2026-04-07T10:21:07:  HTTP  4/7/2026 10:21:07 AM ::1 GET /
2026-04-07T10:21:07:  HTTP  4/7/2026 10:21:07 AM ::1 Returned 200 in 7 ms
2026-04-07T10:21:07:  HTTP  4/7/2026 10:21:07 AM ::1 GET /logokma.png
2026-04-07T10:21:07:  HTTP  4/7/2026 10:21:07 AM ::1 Returned 304 in 1 ms
2026-04-07T10:21:08:  HTTP  4/7/2026 10:21:08 AM ::1 GET /favicon.ico
2026-04-07T10:21:08:  HTTP  4/7/2026 10:21:08 AM ::1 Returned 200 in 2 ms
2026-04-07T10:21:09:  HTTP  4/7/2026 10:21:09 AM ::1 GET /
2026-04-07T10:21:09:  HTTP  4/7/2026 10:21:09 AM ::1 Returned 304 in 1 ms
2026-04-07T10:21:09:  HTTP  4/7/2026 10:21:09 AM ::1 GET /logokma.png
2026-04-07T10:21:09:  HTTP  4/7/2026 10:21:09 AM ::1 Returned 304 in 1 ms
2026-04-07T10:21:09:  HTTP  4/7/2026 10:21:09 AM ::1 GET /favicon.ico
2026-04-07T10:21:09:  HTTP  4/7/2026 10:21:09 AM ::1 Returned 304 in 2 ms
2026-04-07T10:21:09:  HTTP  4/7/2026 10:21:09 AM ::1 GET /
2026-04-07T10:21:09:  HTTP  4/7/2026 10:21:09 AM ::1 Returned 304 in 2 ms
2026-04-07T10:21:09:  HTTP  4/7/2026 10:21:09 AM ::1 GET /logokma.png
2026-04-07T10:21:09:  HTTP  4/7/2026 10:21:09 AM ::1 Returned 304 in 1 ms
2026-04-07T10:21:09:  HTTP  4/7/2026 10:21:09 AM ::1 GET /favicon.ico
2026-04-07T10:21:09:  HTTP  4/7/2026 10:21:09 AM ::1 Returned 304 in 2 ms
2026-04-07T10:21:57:  HTTP  4/7/2026 10:21:57 AM ::1 GET /
2026-04-07T10:21:57:  HTTP  4/7/2026 10:21:57 AM ::1 Returned 304 in 2 ms
2026-04-07T10:21:57:  HTTP  4/7/2026 10:21:57 AM ::1 GET /logokma.png
2026-04-07T10:21:57:  HTTP  4/7/2026 10:21:57 AM ::1 Returned 304 in 0 ms
2026-04-07T10:21:57:  HTTP  4/7/2026 10:21:57 AM ::1 GET /favicon.ico
2026-04-07T10:21:57:  HTTP  4/7/2026 10:21:57 AM ::1 Returned 304 in 3 ms
2026-04-07T10:21:58:  HTTP  4/7/2026 10:21:58 AM ::1 GET /
2026-04-07T10:21:58:  HTTP  4/7/2026 10:21:58 AM ::1 Returned 304 in 2 ms
2026-04-07T10:21:58:  HTTP  4/7/2026 10:21:58 AM ::1 GET /logokma.png
2026-04-07T10:21:58:  HTTP  4/7/2026 10:21:58 AM ::1 Returned 304 in 2 ms
2026-04-07T10:21:58:  HTTP  4/7/2026 10:21:58 AM ::1 GET /favicon.ico
2026-04-07T10:21:58:  HTTP  4/7/2026 10:21:58 AM ::1 Returned 200 in 2 ms
2026-04-07T10:21:58:  HTTP  4/7/2026 10:21:58 AM ::1 GET /
2026-04-07T10:21:58:  HTTP  4/7/2026 10:21:58 AM ::1 Returned 200 in 2 ms
2026-04-07T10:21:58:  HTTP  4/7/2026 10:21:58 AM ::1 GET /logokma.png
2026-04-07T10:21:58:  HTTP  4/7/2026 10:21:58 AM ::1 Returned 304 in 1 ms
2026-04-07T10:21:59:  HTTP  4/7/2026 10:21:59 AM ::1 GET /favicon.ico
2026-04-07T10:21:59:  HTTP  4/7/2026 10:21:59 AM ::1 Returned 304 in 1 ms
2026-04-07T10:22:10:  HTTP  4/7/2026 10:22:10 AM ::1 GET /
2026-04-07T10:22:10:  HTTP  4/7/2026 10:22:10 AM ::1 Returned 304 in 2 ms
2026-04-07T10:22:10:  HTTP  4/7/2026 10:22:10 AM ::1 GET /logokma.png
2026-04-07T10:22:10:  HTTP  4/7/2026 10:22:10 AM ::1 Returned 304 in 2 ms
2026-04-07T10:22:10:  HTTP  4/7/2026 10:22:10 AM ::1 GET /favicon.ico
2026-04-07T10:22:10:  HTTP  4/7/2026 10:22:10 AM ::1 Returned 304 in 7 ms
2026-04-07T10:22:11:  HTTP  4/7/2026 10:22:11 AM ::1 GET /
2026-04-07T10:22:11:  HTTP  4/7/2026 10:22:11 AM ::1 Returned 304 in 1 ms
2026-04-07T10:22:11:  HTTP  4/7/2026 10:22:11 AM ::1 GET /logokma.png
2026-04-07T10:22:11:  HTTP  4/7/2026 10:22:11 AM ::1 Returned 304 in 1 ms
2026-04-07T10:22:11:  HTTP  4/7/2026 10:22:11 AM ::1 GET /favicon.ico
2026-04-07T10:22:11:  HTTP  4/7/2026 10:22:11 AM ::1 Returned 304 in 1 ms
2026-04-07T10:22:12:  HTTP  4/7/2026 10:22:12 AM ::1 GET /
2026-04-07T10:22:12:  HTTP  4/7/2026 10:22:12 AM ::1 Returned 304 in 3 ms
2026-04-07T10:22:12:  HTTP  4/7/2026 10:22:12 AM ::1 GET /logokma.png
2026-04-07T10:22:12:  HTTP  4/7/2026 10:22:12 AM ::1 Returned 304 in 2 ms
2026-04-07T10:22:12:  HTTP  4/7/2026 10:22:12 AM ::1 GET /favicon.ico
2026-04-07T10:22:12:  HTTP  4/7/2026 10:22:12 AM ::1 Returned 304 in 2 ms
2026-04-07T10:22:12:  HTTP  4/7/2026 10:22:12 AM ::1 GET /
2026-04-07T10:22:12:  HTTP  4/7/2026 10:22:12 AM ::1 Returned 304 in 1 ms
2026-04-07T10:22:12:  HTTP  4/7/2026 10:22:12 AM ::1 GET /logokma.png
2026-04-07T10:22:12:  HTTP  4/7/2026 10:22:12 AM ::1 Returned 304 in 2 ms
2026-04-07T10:22:12:  HTTP  4/7/2026 10:22:12 AM ::1 GET /favicon.ico
2026-04-07T10:22:12:  HTTP  4/7/2026 10:22:12 AM ::1 Returned 304 in 1 ms
2026-04-07T10:22:13:  HTTP  4/7/2026 10:22:13 AM ::1 GET /
2026-04-07T10:22:13:  HTTP  4/7/2026 10:22:13 AM ::1 Returned 304 in 1 ms
2026-04-07T10:22:13:  HTTP  4/7/2026 10:22:13 AM ::1 GET /logokma.png
2026-04-07T10:22:13:  HTTP  4/7/2026 10:22:13 AM ::1 Returned 304 in 2 ms
2026-04-07T10:22:13:  HTTP  4/7/2026 10:22:13 AM ::1 GET /favicon.ico
2026-04-07T10:22:13:  HTTP  4/7/2026 10:22:13 AM ::1 Returned 304 in 2 ms
2026-04-07T10:22:13:  HTTP  4/7/2026 10:22:13 AM ::1 GET /
2026-04-07T10:22:13:  HTTP  4/7/2026 10:22:13 AM ::1 Returned 304 in 1 ms
2026-04-07T10:22:13:  HTTP  4/7/2026 10:22:13 AM ::1 GET /logokma.png
2026-04-07T10:22:13:  HTTP  4/7/2026 10:22:13 AM ::1 Returned 304 in 2 ms
2026-04-07T10:22:13:  HTTP  4/7/2026 10:22:13 AM ::1 GET /favicon.ico
2026-04-07T10:22:13:  HTTP  4/7/2026 10:22:13 AM ::1 Returned 304 in 1 ms
2026-04-07T10:22:14:  HTTP  4/7/2026 10:22:14 AM ::1 GET /
2026-04-07T10:22:14:  HTTP  4/7/2026 10:22:14 AM ::1 Returned 304 in 1 ms
2026-04-07T10:22:14:  HTTP  4/7/2026 10:22:14 AM ::1 GET /logokma.png
2026-04-07T10:22:14:  HTTP  4/7/2026 10:22:14 AM ::1 Returned 304 in 3 ms
2026-04-07T10:22:14:  HTTP  4/7/2026 10:22:14 AM ::1 GET /favicon.ico
2026-04-07T10:22:14:  HTTP  4/7/2026 10:22:14 AM ::1 Returned 304 in 1 ms
2026-04-07T10:22:14:  HTTP  4/7/2026 10:22:14 AM ::1 GET /
2026-04-07T10:22:14:  HTTP  4/7/2026 10:22:14 AM ::1 Returned 304 in 1 ms
2026-04-07T10:22:14:  HTTP  4/7/2026 10:22:14 AM ::1 GET /logokma.png
2026-04-07T10:22:14:  HTTP  4/7/2026 10:22:14 AM ::1 Returned 304 in 2 ms
2026-04-07T10:22:14:  HTTP  4/7/2026 10:22:14 AM ::1 GET /favicon.ico
2026-04-07T10:22:14:  HTTP  4/7/2026 10:22:14 AM ::1 Returned 304 in 1 ms
2026-04-07T10:22:15:  HTTP  4/7/2026 10:22:15 AM ::1 GET /
2026-04-07T10:22:15:  HTTP  4/7/2026 10:22:15 AM ::1 Returned 304 in 1 ms
2026-04-07T10:22:15:  HTTP  4/7/2026 10:22:15 AM ::1 GET /logokma.png
2026-04-07T10:22:15:  HTTP  4/7/2026 10:22:15 AM ::1 Returned 304 in 1 ms
2026-04-07T10:22:15:  HTTP  4/7/2026 10:22:15 AM ::1 GET /favicon.ico
2026-04-07T10:22:15:  HTTP  4/7/2026 10:22:15 AM ::1 Returned 304 in 1 ms
2026-04-07T10:22:15:  HTTP  4/7/2026 10:22:15 AM ::1 GET /
2026-04-07T10:22:15:  HTTP  4/7/2026 10:22:15 AM ::1 Returned 304 in 1 ms
2026-04-07T10:22:15:  HTTP  4/7/2026 10:22:15 AM ::1 GET /logokma.png
2026-04-07T10:22:15:  HTTP  4/7/2026 10:22:15 AM ::1 Returned 304 in 2 ms
2026-04-07T10:22:15:  HTTP  4/7/2026 10:22:15 AM ::1 GET /favicon.ico
2026-04-07T10:22:15:  HTTP  4/7/2026 10:22:15 AM ::1 Returned 304 in 2 ms
2026-04-07T10:22:15:  HTTP  4/7/2026 10:22:15 AM ::1 GET /
2026-04-07T10:22:15:  HTTP  4/7/2026 10:22:15 AM ::1 Returned 304 in 1 ms
2026-04-07T10:22:15:  HTTP  4/7/2026 10:22:15 AM ::1 GET /logokma.png
2026-04-07T10:22:15:  HTTP  4/7/2026 10:22:15 AM ::1 Returned 304 in 1 ms
2026-04-07T10:22:16:  HTTP  4/7/2026 10:22:16 AM ::1 GET /favicon.ico
2026-04-07T10:22:16:  HTTP  4/7/2026 10:22:16 AM ::1 Returned 304 in 1 ms
2026-04-07T10:22:53:  HTTP  4/7/2026 10:22:53 AM ::1 GET /
2026-04-07T10:22:53:  HTTP  4/7/2026 10:22:53 AM ::1 Returned 200 in 2 ms
2026-04-07T10:22:53:  HTTP  4/7/2026 10:22:53 AM ::1 GET /logokma.png
2026-04-07T10:22:53:  HTTP  4/7/2026 10:22:53 AM ::1 Returned 200 in 1 ms
2026-04-07T10:23:42:  HTTP  4/7/2026 10:23:42 AM ::1 GET /
2026-04-07T10:23:42:  HTTP  4/7/2026 10:23:42 AM ::1 Returned 304 in 2 ms
2026-04-07T10:23:42:  HTTP  4/7/2026 10:23:42 AM ::1 GET /logokma.png
2026-04-07T10:23:42:  HTTP  4/7/2026 10:23:42 AM ::1 Returned 304 in 1 ms
2026-04-07T10:23:42:  HTTP  4/7/2026 10:23:42 AM ::1 GET /favicon.ico
2026-04-07T10:23:42:  HTTP  4/7/2026 10:23:42 AM ::1 Returned 304 in 2 ms
2026-04-07T10:23:43:  HTTP  4/7/2026 10:23:43 AM ::1 GET /
2026-04-07T10:23:43:  HTTP  4/7/2026 10:23:43 AM ::1 Returned 304 in 1 ms
2026-04-07T10:23:43:  HTTP  4/7/2026 10:23:43 AM ::1 GET /logokma.png
2026-04-07T10:23:43:  HTTP  4/7/2026 10:23:43 AM ::1 Returned 304 in 1 ms
2026-04-07T10:23:43:  HTTP  4/7/2026 10:23:43 AM ::1 GET /favicon.ico
2026-04-07T10:23:43:  HTTP  4/7/2026 10:23:43 AM ::1 Returned 304 in 1 ms
2026-04-07T10:23:44:  HTTP  4/7/2026 10:23:44 AM ::1 GET /
2026-04-07T10:23:44:  HTTP  4/7/2026 10:23:44 AM ::1 Returned 304 in 1 ms
2026-04-07T10:23:45:  HTTP  4/7/2026 10:23:45 AM ::1 GET /logokma.png
2026-04-07T10:23:45:  HTTP  4/7/2026 10:23:45 AM ::1 Returned 304 in 2 ms
2026-04-07T10:23:45:  HTTP  4/7/2026 10:23:45 AM ::1 GET /favicon.ico
2026-04-07T10:23:45:  HTTP  4/7/2026 10:23:45 AM ::1 Returned 304 in 2 ms
2026-04-07T10:24:39:  HTTP  4/7/2026 10:24:39 AM ::1 GET /
2026-04-07T10:24:39:  HTTP  4/7/2026 10:24:39 AM ::1 Returned 200 in 2 ms
2026-04-07T10:24:39:  HTTP  4/7/2026 10:24:39 AM ::1 GET /logokma.png
2026-04-07T10:24:39:  HTTP  4/7/2026 10:24:39 AM ::1 Returned 304 in 1 ms
2026-04-07T10:24:39:  HTTP  4/7/2026 10:24:39 AM ::1 GET /favicon.ico
2026-04-07T10:24:39:  HTTP  4/7/2026 10:24:39 AM ::1 Returned 200 in 2 ms
2026-04-07T10:24:55:  HTTP  4/7/2026 10:24:55 AM ::1 GET /
2026-04-07T10:24:55:  HTTP  4/7/2026 10:24:55 AM ::1 Returned 200 in 2 ms
2026-04-07T10:24:55:  HTTP  4/7/2026 10:24:55 AM ::1 GET /logokma.png
2026-04-07T10:24:55:  HTTP  4/7/2026 10:24:55 AM ::1 Returned 304 in 1 ms
2026-04-07T10:24:55:  HTTP  4/7/2026 10:24:55 AM ::1 GET /favicon.ico
2026-04-07T10:24:55:  HTTP  4/7/2026 10:24:55 AM ::1 Returned 200 in 2 ms
2026-04-07T10:24:56:  HTTP  4/7/2026 10:24:56 AM ::1 GET /
2026-04-07T10:24:56:  HTTP  4/7/2026 10:24:56 AM ::1 Returned 304 in 1 ms
2026-04-07T10:24:56:  HTTP  4/7/2026 10:24:56 AM ::1 GET /logokma.png
2026-04-07T10:24:56:  HTTP  4/7/2026 10:24:56 AM ::1 Returned 304 in 1 ms
2026-04-07T10:24:56:  HTTP  4/7/2026 10:24:56 AM ::1 GET /favicon.ico
2026-04-07T10:24:56:  HTTP  4/7/2026 10:24:56 AM ::1 Returned 304 in 1 ms
2026-04-07T10:24:56:  HTTP  4/7/2026 10:24:56 AM ::1 GET /
2026-04-07T10:24:56:  HTTP  4/7/2026 10:24:56 AM ::1 Returned 304 in 2 ms
2026-04-07T10:24:56:  HTTP  4/7/2026 10:24:56 AM ::1 GET /logokma.png
2026-04-07T10:24:56:  HTTP  4/7/2026 10:24:56 AM ::1 Returned 304 in 2 ms
2026-04-07T10:24:56:  HTTP  4/7/2026 10:24:56 AM ::1 GET /favicon.ico
2026-04-07T10:24:56:  HTTP  4/7/2026 10:24:56 AM ::1 Returned 304 in 2 ms
2026-04-07T10:25:06:  HTTP  4/7/2026 10:25:06 AM ::1 GET /
2026-04-07T10:25:06:  HTTP  4/7/2026 10:25:06 AM ::1 Returned 200 in 2 ms
2026-04-07T10:25:06:  HTTP  4/7/2026 10:25:06 AM ::1 GET /logokma.png
2026-04-07T10:25:06:  HTTP  4/7/2026 10:25:06 AM ::1 Returned 304 in 1 ms
2026-04-07T10:25:07:  HTTP  4/7/2026 10:25:07 AM ::1 GET /favicon.ico
2026-04-07T10:25:07:  HTTP  4/7/2026 10:25:07 AM ::1 Returned 200 in 2 ms
2026-04-07T10:25:07:  HTTP  4/7/2026 10:25:07 AM ::1 GET /
2026-04-07T10:25:07:  HTTP  4/7/2026 10:25:07 AM ::1 Returned 304 in 1 ms
2026-04-07T10:25:07:  HTTP  4/7/2026 10:25:07 AM ::1 GET /logokma.png
2026-04-07T10:25:07:  HTTP  4/7/2026 10:25:07 AM ::1 Returned 304 in 1 ms
2026-04-07T10:25:07:  HTTP  4/7/2026 10:25:07 AM ::1 GET /favicon.ico
2026-04-07T10:25:07:  HTTP  4/7/2026 10:25:07 AM ::1 Returned 304 in 1 ms
2026-04-07T10:25:08:  HTTP  4/7/2026 10:25:08 AM ::1 GET /
2026-04-07T10:25:08:  HTTP  4/7/2026 10:25:08 AM ::1 Returned 304 in 1 ms
2026-04-07T10:25:08:  HTTP  4/7/2026 10:25:08 AM ::1 GET /logokma.png
2026-04-07T10:25:08:  HTTP  4/7/2026 10:25:08 AM ::1 Returned 304 in 2 ms
2026-04-07T10:25:08:  HTTP  4/7/2026 10:25:08 AM ::1 GET /favicon.ico
2026-04-07T10:25:08:  HTTP  4/7/2026 10:25:08 AM ::1 Returned 304 in 1 ms
2026-04-07T10:25:08:  HTTP  4/7/2026 10:25:08 AM ::1 GET /
2026-04-07T10:25:08:  HTTP  4/7/2026 10:25:08 AM ::1 Returned 304 in 2 ms
2026-04-07T10:25:08:  HTTP  4/7/2026 10:25:08 AM ::1 GET /logokma.png
2026-04-07T10:25:08:  HTTP  4/7/2026 10:25:08 AM ::1 Returned 304 in 2 ms
2026-04-07T10:25:08:  HTTP  4/7/2026 10:25:08 AM ::1 GET /favicon.ico
2026-04-07T10:25:08:  HTTP  4/7/2026 10:25:08 AM ::1 Returned 304 in 1 ms
2026-04-07T10:25:09:  HTTP  4/7/2026 10:25:09 AM ::1 GET /
2026-04-07T10:25:09:  HTTP  4/7/2026 10:25:09 AM ::1 Returned 304 in 1 ms
2026-04-07T10:25:09:  HTTP  4/7/2026 10:25:09 AM ::1 GET /logokma.png
2026-04-07T10:25:09:  HTTP  4/7/2026 10:25:09 AM ::1 Returned 304 in 3 ms
2026-04-07T10:25:09:  HTTP  4/7/2026 10:25:09 AM ::1 GET /favicon.ico
2026-04-07T10:25:09:  HTTP  4/7/2026 10:25:09 AM ::1 Returned 304 in 1 ms
2026-04-07T10:25:09:  HTTP  4/7/2026 10:25:09 AM ::1 GET /
2026-04-07T10:25:09:  HTTP  4/7/2026 10:25:09 AM ::1 Returned 304 in 2 ms
2026-04-07T10:25:09:  HTTP  4/7/2026 10:25:09 AM ::1 GET /logokma.png
2026-04-07T10:25:09:  HTTP  4/7/2026 10:25:09 AM ::1 Returned 304 in 3 ms
2026-04-07T10:25:09:  HTTP  4/7/2026 10:25:09 AM ::1 GET /favicon.ico
2026-04-07T10:25:09:  HTTP  4/7/2026 10:25:09 AM ::1 Returned 304 in 1 ms
2026-04-07T10:25:09:  HTTP  4/7/2026 10:25:09 AM ::1 GET /
2026-04-07T10:25:09:  HTTP  4/7/2026 10:25:09 AM ::1 Returned 304 in 1 ms
2026-04-07T10:25:09:  HTTP  4/7/2026 10:25:09 AM ::1 GET /logokma.png
2026-04-07T10:25:09:  HTTP  4/7/2026 10:25:09 AM ::1 Returned 304 in 1 ms
2026-04-07T10:25:09:  HTTP  4/7/2026 10:25:09 AM ::1 GET /favicon.ico
2026-04-07T10:25:09:  HTTP  4/7/2026 10:25:09 AM ::1 Returned 304 in 1 ms
2026-04-07T10:25:10:  HTTP  4/7/2026 10:25:10 AM ::1 GET /
2026-04-07T10:25:10:  HTTP  4/7/2026 10:25:10 AM ::1 Returned 304 in 1 ms
2026-04-07T10:25:10:  HTTP  4/7/2026 10:25:10 AM ::1 GET /logokma.png
2026-04-07T10:25:10:  HTTP  4/7/2026 10:25:10 AM ::1 Returned 304 in 1 ms
2026-04-07T10:25:10:  HTTP  4/7/2026 10:25:10 AM ::1 GET /favicon.ico
2026-04-07T10:25:10:  HTTP  4/7/2026 10:25:10 AM ::1 Returned 304 in 1 ms
2026-04-07T10:25:10:  HTTP  4/7/2026 10:25:10 AM ::1 GET /
2026-04-07T10:25:10:  HTTP  4/7/2026 10:25:10 AM ::1 Returned 304 in 2 ms
2026-04-07T10:25:10:  HTTP  4/7/2026 10:25:10 AM ::1 GET /logokma.png
2026-04-07T10:25:10:  HTTP  4/7/2026 10:25:10 AM ::1 Returned 304 in 1 ms
2026-04-07T10:25:10:  HTTP  4/7/2026 10:25:10 AM ::1 GET /favicon.ico
2026-04-07T10:25:10:  HTTP  4/7/2026 10:25:10 AM ::1 Returned 304 in 3 ms
2026-04-07T10:25:10:  HTTP  4/7/2026 10:25:10 AM ::1 GET /
2026-04-07T10:25:10:  HTTP  4/7/2026 10:25:10 AM ::1 Returned 304 in 1 ms
2026-04-07T10:25:10:  HTTP  4/7/2026 10:25:10 AM ::1 GET /logokma.png
2026-04-07T10:25:10:  HTTP  4/7/2026 10:25:10 AM ::1 Returned 304 in 1 ms
2026-04-07T10:25:10:  HTTP  4/7/2026 10:25:10 AM ::1 GET /favicon.ico
2026-04-07T10:25:10:  HTTP  4/7/2026 10:25:10 AM ::1 Returned 304 in 1 ms
2026-04-07T10:25:11:  HTTP  4/7/2026 10:25:11 AM ::1 GET /
2026-04-07T10:25:11:  HTTP  4/7/2026 10:25:11 AM ::1 Returned 304 in 1 ms
2026-04-07T10:25:11:  HTTP  4/7/2026 10:25:11 AM ::1 GET /logokma.png
2026-04-07T10:25:11:  HTTP  4/7/2026 10:25:11 AM ::1 Returned 304 in 1 ms
2026-04-07T10:25:11:  HTTP  4/7/2026 10:25:11 AM ::1 GET /favicon.ico
2026-04-07T10:25:11:  HTTP  4/7/2026 10:25:11 AM ::1 Returned 304 in 2 ms
2026-04-07T10:25:11:  HTTP  4/7/2026 10:25:11 AM ::1 GET /
2026-04-07T10:25:11:  HTTP  4/7/2026 10:25:11 AM ::1 Returned 304 in 1 ms
2026-04-07T10:25:11:  HTTP  4/7/2026 10:25:11 AM ::1 GET /logokma.png
2026-04-07T10:25:11:  HTTP  4/7/2026 10:25:11 AM ::1 Returned 304 in 2 ms
2026-04-07T10:25:11:  HTTP  4/7/2026 10:25:11 AM ::1 GET /favicon.ico
2026-04-07T10:25:11:  HTTP  4/7/2026 10:25:11 AM ::1 Returned 304 in 3 ms
2026-04-07T10:25:14:  HTTP  4/7/2026 10:25:14 AM ::1 GET /
2026-04-07T10:25:14:  HTTP  4/7/2026 10:25:14 AM ::1 Returned 200 in 4 ms
2026-04-07T10:25:14:  HTTP  4/7/2026 10:25:14 AM ::1 GET /logokma.png
2026-04-07T10:25:14:  HTTP  4/7/2026 10:25:14 AM ::1 Returned 304 in 2 ms
2026-04-07T10:25:14:  HTTP  4/7/2026 10:25:14 AM ::1 GET /favicon.ico
2026-04-07T10:25:14:  HTTP  4/7/2026 10:25:14 AM ::1 Returned 200 in 1 ms
2026-04-07T10:25:15:  HTTP  4/7/2026 10:25:15 AM ::1 GET /
2026-04-07T10:25:15:  HTTP  4/7/2026 10:25:15 AM ::1 Returned 304 in 1 ms
2026-04-07T10:25:15:  HTTP  4/7/2026 10:25:15 AM ::1 GET /logokma.png
2026-04-07T10:25:15:  HTTP  4/7/2026 10:25:15 AM ::1 Returned 304 in 2 ms
2026-04-07T10:25:15:  HTTP  4/7/2026 10:25:15 AM ::1 GET /favicon.ico
2026-04-07T10:25:15:  HTTP  4/7/2026 10:25:15 AM ::1 Returned 304 in 1 ms
2026-04-07T10:25:15:  HTTP  4/7/2026 10:25:15 AM ::1 GET /
2026-04-07T10:25:15:  HTTP  4/7/2026 10:25:15 AM ::1 Returned 304 in 1 ms
2026-04-07T10:25:15:  HTTP  4/7/2026 10:25:15 AM ::1 GET /logokma.png
2026-04-07T10:25:15:  HTTP  4/7/2026 10:25:15 AM ::1 Returned 304 in 2 ms
2026-04-07T10:25:15:  HTTP  4/7/2026 10:25:15 AM ::1 GET /favicon.ico
2026-04-07T10:25:15:  HTTP  4/7/2026 10:25:15 AM ::1 Returned 304 in 1 ms
2026-04-07T10:25:16:  HTTP  4/7/2026 10:25:16 AM ::1 GET /
2026-04-07T10:25:16:  HTTP  4/7/2026 10:25:16 AM ::1 Returned 304 in 1 ms
2026-04-07T10:25:16:  HTTP  4/7/2026 10:25:16 AM ::1 GET /logokma.png
2026-04-07T10:25:16:  HTTP  4/7/2026 10:25:16 AM ::1 Returned 304 in 1 ms
2026-04-07T10:25:16:  HTTP  4/7/2026 10:25:16 AM ::1 GET /favicon.ico
2026-04-07T10:25:16:  HTTP  4/7/2026 10:25:16 AM ::1 Returned 304 in 1 ms
2026-04-07T10:25:23:  HTTP  4/7/2026 10:25:23 AM ::1 GET /
2026-04-07T10:25:23:  HTTP  4/7/2026 10:25:23 AM ::1 Returned 304 in 0 ms
2026-04-07T10:25:23:  HTTP  4/7/2026 10:25:23 AM ::1 GET /logokma.png
2026-04-07T10:25:23:  HTTP  4/7/2026 10:25:23 AM ::1 Returned 304 in 1 ms
2026-04-07T10:25:23:  HTTP  4/7/2026 10:25:23 AM ::1 GET /favicon.ico
2026-04-07T10:25:23:  HTTP  4/7/2026 10:25:23 AM ::1 Returned 304 in 0 ms
2026-04-07T10:25:24:  HTTP  4/7/2026 10:25:24 AM ::1 GET /
2026-04-07T10:25:24:  HTTP  4/7/2026 10:25:24 AM ::1 Returned 304 in 1 ms
2026-04-07T10:25:24:  HTTP  4/7/2026 10:25:24 AM ::1 GET /logokma.png
2026-04-07T10:25:24:  HTTP  4/7/2026 10:25:24 AM ::1 Returned 304 in 3 ms
2026-04-07T10:25:24:  HTTP  4/7/2026 10:25:24 AM ::1 GET /favicon.ico
2026-04-07T10:25:24:  HTTP  4/7/2026 10:25:24 AM ::1 Returned 304 in 1 ms
2026-04-07T10:25:24:  HTTP  4/7/2026 10:25:24 AM ::1 GET /
2026-04-07T10:25:24:  HTTP  4/7/2026 10:25:24 AM ::1 Returned 304 in 1 ms
2026-04-07T10:25:24:  HTTP  4/7/2026 10:25:24 AM ::1 GET /logokma.png
2026-04-07T10:25:24:  HTTP  4/7/2026 10:25:24 AM ::1 Returned 304 in 1 ms
2026-04-07T10:25:24:  HTTP  4/7/2026 10:25:24 AM ::1 GET /favicon.ico
2026-04-07T10:25:24:  HTTP  4/7/2026 10:25:24 AM ::1 Returned 304 in 2 ms
2026-04-07T10:25:25:  HTTP  4/7/2026 10:25:25 AM ::1 GET /
2026-04-07T10:25:25:  HTTP  4/7/2026 10:25:25 AM ::1 Returned 304 in 2 ms
2026-04-07T10:25:25:  HTTP  4/7/2026 10:25:25 AM ::1 GET /logokma.png
2026-04-07T10:25:25:  HTTP  4/7/2026 10:25:25 AM ::1 Returned 304 in 2 ms
2026-04-07T10:25:25:  HTTP  4/7/2026 10:25:25 AM ::1 GET /favicon.ico
2026-04-07T10:25:25:  HTTP  4/7/2026 10:25:25 AM ::1 Returned 304 in 2 ms
2026-04-07T10:25:25:  HTTP  4/7/2026 10:25:25 AM ::1 GET /
2026-04-07T10:25:25:  HTTP  4/7/2026 10:25:25 AM ::1 Returned 304 in 1 ms
2026-04-07T10:25:25:  HTTP  4/7/2026 10:25:25 AM ::1 GET /logokma.png
2026-04-07T10:25:25:  HTTP  4/7/2026 10:25:25 AM ::1 Returned 304 in 2 ms
2026-04-07T10:25:25:  HTTP  4/7/2026 10:25:25 AM ::1 GET /favicon.ico
2026-04-07T10:25:25:  HTTP  4/7/2026 10:25:25 AM ::1 Returned 304 in 1 ms
2026-04-07T10:25:25:  HTTP  4/7/2026 10:25:25 AM ::1 GET /
2026-04-07T10:25:25:  HTTP  4/7/2026 10:25:25 AM ::1 Returned 304 in 1 ms
2026-04-07T10:25:25:  HTTP  4/7/2026 10:25:25 AM ::1 GET /logokma.png
2026-04-07T10:25:25:  HTTP  4/7/2026 10:25:25 AM ::1 Returned 304 in 1 ms
2026-04-07T10:25:25:  HTTP  4/7/2026 10:25:25 AM ::1 GET /favicon.ico
2026-04-07T10:25:25:  HTTP  4/7/2026 10:25:25 AM ::1 Returned 304 in 3 ms
2026-04-07T10:25:25:  HTTP  4/7/2026 10:25:25 AM ::1 GET /
2026-04-07T10:25:25:  HTTP  4/7/2026 10:25:25 AM ::1 Returned 304 in 1 ms
2026-04-07T10:25:25:  HTTP  4/7/2026 10:25:25 AM ::1 GET /logokma.png
2026-04-07T10:25:25:  HTTP  4/7/2026 10:25:25 AM ::1 Returned 304 in 2 ms
2026-04-07T10:25:26:  HTTP  4/7/2026 10:25:26 AM ::1 GET /favicon.ico
2026-04-07T10:25:26:  HTTP  4/7/2026 10:25:26 AM ::1 Returned 304 in 1 ms
2026-04-07T10:25:26:  HTTP  4/7/2026 10:25:26 AM ::1 GET /
2026-04-07T10:25:26:  HTTP  4/7/2026 10:25:26 AM ::1 Returned 304 in 1 ms
2026-04-07T10:25:26:  HTTP  4/7/2026 10:25:26 AM ::1 GET /logokma.png
2026-04-07T10:25:26:  HTTP  4/7/2026 10:25:26 AM ::1 Returned 304 in 1 ms
2026-04-07T10:25:26:  HTTP  4/7/2026 10:25:26 AM ::1 GET /favicon.ico
2026-04-07T10:25:26:  HTTP  4/7/2026 10:25:26 AM ::1 Returned 304 in 0 ms
2026-04-07T10:25:26:  HTTP  4/7/2026 10:25:26 AM ::1 GET /
2026-04-07T10:25:26:  HTTP  4/7/2026 10:25:26 AM ::1 Returned 304 in 1 ms
2026-04-07T10:25:26:  HTTP  4/7/2026 10:25:26 AM ::1 GET /logokma.png
2026-04-07T10:25:26:  HTTP  4/7/2026 10:25:26 AM ::1 Returned 304 in 1 ms
2026-04-07T10:25:26:  HTTP  4/7/2026 10:25:26 AM ::1 GET /favicon.ico
2026-04-07T10:25:26:  HTTP  4/7/2026 10:25:26 AM ::1 Returned 304 in 1 ms
2026-04-07T10:25:27:  HTTP  4/7/2026 10:25:27 AM ::1 GET /
2026-04-07T10:25:27:  HTTP  4/7/2026 10:25:27 AM ::1 Returned 304 in 1 ms
2026-04-07T10:25:27:  HTTP  4/7/2026 10:25:27 AM ::1 GET /logokma.png
2026-04-07T10:25:27:  HTTP  4/7/2026 10:25:27 AM ::1 Returned 304 in 1 ms
2026-04-07T10:25:27:  HTTP  4/7/2026 10:25:27 AM ::1 GET /favicon.ico
2026-04-07T10:25:27:  HTTP  4/7/2026 10:25:27 AM ::1 Returned 304 in 1 ms
2026-04-07T10:25:27:  HTTP  4/7/2026 10:25:27 AM ::1 GET /
2026-04-07T10:25:27:  HTTP  4/7/2026 10:25:27 AM ::1 Returned 304 in 2 ms
2026-04-07T10:25:27:  HTTP  4/7/2026 10:25:27 AM ::1 GET /logokma.png
2026-04-07T10:25:27:  HTTP  4/7/2026 10:25:27 AM ::1 Returned 304 in 1 ms
2026-04-07T10:25:27:  HTTP  4/7/2026 10:25:27 AM ::1 GET /favicon.ico
2026-04-07T10:25:27:  HTTP  4/7/2026 10:25:27 AM ::1 Returned 304 in 1 ms
2026-04-07T10:25:28:  HTTP  4/7/2026 10:25:28 AM ::1 GET /
2026-04-07T10:25:28:  HTTP  4/7/2026 10:25:28 AM ::1 Returned 304 in 1 ms
2026-04-07T10:25:28:  HTTP  4/7/2026 10:25:28 AM ::1 GET /logokma.png
2026-04-07T10:25:28:  HTTP  4/7/2026 10:25:28 AM ::1 Returned 304 in 3 ms
2026-04-07T10:25:28:  HTTP  4/7/2026 10:25:28 AM ::1 GET /favicon.ico
2026-04-07T10:25:28:  HTTP  4/7/2026 10:25:28 AM ::1 Returned 304 in 0 ms
2026-04-07T10:27:48:  HTTP  4/7/2026 10:27:48 AM ::1 GET /
2026-04-07T10:27:48:  HTTP  4/7/2026 10:27:48 AM ::1 Returned 200 in 4 ms
2026-04-07T10:27:48:  HTTP  4/7/2026 10:27:48 AM ::1 GET /logokma.png
2026-04-07T10:27:48:  HTTP  4/7/2026 10:27:48 AM ::1 Returned 304 in 2 ms
2026-04-07T10:27:48:  HTTP  4/7/2026 10:27:48 AM ::1 GET /favicon.ico
2026-04-07T10:27:48:  HTTP  4/7/2026 10:27:48 AM ::1 Returned 200 in 3 ms
2026-04-07T10:27:50:  HTTP  4/7/2026 10:27:50 AM ::1 GET /
2026-04-07T10:27:50:  HTTP  4/7/2026 10:27:50 AM ::1 Returned 304 in 1 ms
2026-04-07T10:27:50:  HTTP  4/7/2026 10:27:50 AM ::1 GET /logokma.png
2026-04-07T10:27:50:  HTTP  4/7/2026 10:27:50 AM ::1 Returned 304 in 2 ms
2026-04-07T10:27:50:  HTTP  4/7/2026 10:27:50 AM ::1 GET /favicon.ico
2026-04-07T10:27:50:  HTTP  4/7/2026 10:27:50 AM ::1 Returned 304 in 3 ms
2026-04-07T10:27:51:  HTTP  4/7/2026 10:27:51 AM ::1 GET /
2026-04-07T10:27:51:  HTTP  4/7/2026 10:27:51 AM ::1 Returned 304 in 2 ms
2026-04-07T10:27:51:  HTTP  4/7/2026 10:27:51 AM ::1 GET /logokma.png
2026-04-07T10:27:51:  HTTP  4/7/2026 10:27:51 AM ::1 Returned 304 in 1 ms
2026-04-07T10:27:51:  HTTP  4/7/2026 10:27:51 AM ::1 GET /favicon.ico
2026-04-07T10:27:51:  HTTP  4/7/2026 10:27:51 AM ::1 Returned 304 in 3 ms
2026-04-07T10:27:52:  HTTP  4/7/2026 10:27:52 AM ::1 GET /
2026-04-07T10:27:52:  HTTP  4/7/2026 10:27:52 AM ::1 Returned 304 in 1 ms
2026-04-07T10:27:52:  HTTP  4/7/2026 10:27:52 AM ::1 GET /logokma.png
2026-04-07T10:27:52:  HTTP  4/7/2026 10:27:52 AM ::1 Returned 304 in 5 ms
2026-04-07T10:27:52:  HTTP  4/7/2026 10:27:52 AM ::1 GET /favicon.ico
2026-04-07T10:27:52:  HTTP  4/7/2026 10:27:52 AM ::1 Returned 304 in 3 ms
2026-04-07T10:28:41:  HTTP  4/7/2026 10:28:41 AM ::1 GET /
2026-04-07T10:28:41:  HTTP  4/7/2026 10:28:41 AM ::1 Returned 200 in 2 ms
2026-04-07T10:28:41:  HTTP  4/7/2026 10:28:41 AM ::1 GET /logokma.png
2026-04-07T10:28:41:  HTTP  4/7/2026 10:28:41 AM ::1 Returned 304 in 1 ms
2026-04-07T10:28:41:  HTTP  4/7/2026 10:28:41 AM ::1 GET /favicon.ico
2026-04-07T10:28:41:  HTTP  4/7/2026 10:28:41 AM ::1 Returned 200 in 1 ms
2026-04-07T10:28:42:  HTTP  4/7/2026 10:28:42 AM ::1 GET /
2026-04-07T10:28:42:  HTTP  4/7/2026 10:28:42 AM ::1 Returned 304 in 2 ms
2026-04-07T10:28:42:  HTTP  4/7/2026 10:28:42 AM ::1 GET /logokma.png
2026-04-07T10:28:42:  HTTP  4/7/2026 10:28:42 AM ::1 Returned 304 in 1 ms
2026-04-07T10:28:42:  HTTP  4/7/2026 10:28:42 AM ::1 GET /favicon.ico
2026-04-07T10:28:42:  HTTP  4/7/2026 10:28:42 AM ::1 Returned 304 in 1 ms
2026-04-07T10:28:49:  HTTP  4/7/2026 10:28:49 AM ::1 GET /
2026-04-07T10:28:49:  HTTP  4/7/2026 10:28:49 AM ::1 Returned 304 in 1 ms
2026-04-07T10:28:49:  HTTP  4/7/2026 10:28:49 AM ::1 GET /logokma.png
2026-04-07T10:28:49:  HTTP  4/7/2026 10:28:49 AM ::1 Returned 304 in 1 ms
2026-04-07T10:28:49:  HTTP  4/7/2026 10:28:49 AM ::1 GET /favicon.ico
2026-04-07T10:28:49:  HTTP  4/7/2026 10:28:49 AM ::1 Returned 304 in 2 ms
2026-04-07T10:29:08:  HTTP  4/7/2026 10:29:08 AM ::1 GET /
2026-04-07T10:29:08:  HTTP  4/7/2026 10:29:08 AM ::1 Returned 200 in 2 ms
2026-04-07T10:29:08:  HTTP  4/7/2026 10:29:08 AM ::1 GET /logokma.png
2026-04-07T10:29:08:  HTTP  4/7/2026 10:29:08 AM ::1 Returned 304 in 3 ms
2026-04-07T10:29:08:  HTTP  4/7/2026 10:29:08 AM ::1 GET /favicon.ico
2026-04-07T10:29:08:  HTTP  4/7/2026 10:29:08 AM ::1 Returned 200 in 4 ms
2026-04-07T10:29:40:  HTTP  4/7/2026 10:29:40 AM ::1 GET /
2026-04-07T10:29:40:  HTTP  4/7/2026 10:29:40 AM ::1 Returned 200 in 2 ms
2026-04-07T10:29:40:  HTTP  4/7/2026 10:29:40 AM ::1 GET /logokma.png
2026-04-07T10:29:40:  HTTP  4/7/2026 10:29:40 AM ::1 Returned 304 in 0 ms
2026-04-07T10:29:41:  HTTP  4/7/2026 10:29:41 AM ::1 GET /favicon.ico
2026-04-07T10:29:41:  HTTP  4/7/2026 10:29:41 AM ::1 Returned 200 in 2 ms
2026-04-07T10:29:41:  HTTP  4/7/2026 10:29:41 AM ::1 GET /
2026-04-07T10:29:41:  HTTP  4/7/2026 10:29:41 AM ::1 Returned 304 in 1 ms
2026-04-07T10:29:41:  HTTP  4/7/2026 10:29:41 AM ::1 GET /logokma.png
2026-04-07T10:29:41:  HTTP  4/7/2026 10:29:41 AM ::1 Returned 304 in 0 ms
2026-04-07T10:29:41:  HTTP  4/7/2026 10:29:41 AM ::1 GET /favicon.ico
2026-04-07T10:29:41:  HTTP  4/7/2026 10:29:41 AM ::1 Returned 304 in 1 ms
2026-04-07T10:29:58:  HTTP  4/7/2026 10:29:58 AM ::1 GET /
2026-04-07T10:29:58:  HTTP  4/7/2026 10:29:58 AM ::1 Returned 200 in 1 ms
2026-04-07T10:29:58:  HTTP  4/7/2026 10:29:58 AM ::1 GET /logokma.png
2026-04-07T10:29:58:  HTTP  4/7/2026 10:29:58 AM ::1 Returned 304 in 1 ms
2026-04-07T10:29:58:  HTTP  4/7/2026 10:29:58 AM ::1 GET /favicon.ico
2026-04-07T10:29:58:  HTTP  4/7/2026 10:29:58 AM ::1 Returned 200 in 3 ms
2026-04-07T10:29:59:  HTTP  4/7/2026 10:29:59 AM ::1 GET /
2026-04-07T10:29:59:  HTTP  4/7/2026 10:29:59 AM ::1 Returned 304 in 2 ms
2026-04-07T10:29:59:  HTTP  4/7/2026 10:29:59 AM ::1 GET /logokma.png
2026-04-07T10:29:59:  HTTP  4/7/2026 10:29:59 AM ::1 Returned 304 in 1 ms
2026-04-07T10:29:59:  HTTP  4/7/2026 10:29:59 AM ::1 GET /favicon.ico
2026-04-07T10:29:59:  HTTP  4/7/2026 10:29:59 AM ::1 Returned 304 in 1 ms
2026-04-07T10:29:59:  HTTP  4/7/2026 10:29:59 AM ::1 GET /
2026-04-07T10:29:59:  HTTP  4/7/2026 10:29:59 AM ::1 Returned 304 in 0 ms
2026-04-07T10:29:59:  HTTP  4/7/2026 10:29:59 AM ::1 GET /logokma.png
2026-04-07T10:29:59:  HTTP  4/7/2026 10:29:59 AM ::1 Returned 304 in 1 ms
2026-04-07T10:29:59:  HTTP  4/7/2026 10:29:59 AM ::1 GET /favicon.ico
2026-04-07T10:29:59:  HTTP  4/7/2026 10:29:59 AM ::1 Returned 304 in 2 ms
2026-04-07T10:30:00:  HTTP  4/7/2026 10:30:00 AM ::1 GET /
2026-04-07T10:30:00:  HTTP  4/7/2026 10:30:00 AM ::1 Returned 304 in 2 ms
2026-04-07T10:30:00:  HTTP  4/7/2026 10:30:00 AM ::1 GET /logokma.png
2026-04-07T10:30:00:  HTTP  4/7/2026 10:30:00 AM ::1 Returned 304 in 2 ms
2026-04-07T10:30:00:  HTTP  4/7/2026 10:30:00 AM ::1 GET /favicon.ico
2026-04-07T10:30:00:  HTTP  4/7/2026 10:30:00 AM ::1 Returned 304 in 1 ms
2026-04-07T10:30:00:  HTTP  4/7/2026 10:30:00 AM ::1 GET /
2026-04-07T10:30:00:  HTTP  4/7/2026 10:30:00 AM ::1 Returned 304 in 1 ms
2026-04-07T10:30:00:  HTTP  4/7/2026 10:30:00 AM ::1 GET /logokma.png
2026-04-07T10:30:00:  HTTP  4/7/2026 10:30:00 AM ::1 Returned 304 in 2 ms
2026-04-07T10:30:00:  HTTP  4/7/2026 10:30:00 AM ::1 GET /favicon.ico
2026-04-07T10:30:00:  HTTP  4/7/2026 10:30:00 AM ::1 Returned 304 in 3 ms
2026-04-07T10:30:00:  HTTP  4/7/2026 10:30:00 AM ::1 GET /
2026-04-07T10:30:00:  HTTP  4/7/2026 10:30:00 AM ::1 Returned 304 in 1 ms
2026-04-07T10:30:00:  HTTP  4/7/2026 10:30:00 AM ::1 GET /logokma.png
2026-04-07T10:30:00:  HTTP  4/7/2026 10:30:00 AM ::1 Returned 304 in 1 ms
2026-04-07T10:30:00:  HTTP  4/7/2026 10:30:00 AM ::1 GET /favicon.ico
2026-04-07T10:30:00:  HTTP  4/7/2026 10:30:00 AM ::1 Returned 304 in 2 ms
2026-04-07T10:30:01:  HTTP  4/7/2026 10:30:01 AM ::1 GET /
2026-04-07T10:30:01:  HTTP  4/7/2026 10:30:01 AM ::1 Returned 304 in 1 ms
2026-04-07T10:30:01:  HTTP  4/7/2026 10:30:01 AM ::1 GET /logokma.png
2026-04-07T10:30:01:  HTTP  4/7/2026 10:30:01 AM ::1 Returned 304 in 1 ms
2026-04-07T10:30:01:  HTTP  4/7/2026 10:30:01 AM ::1 GET /favicon.ico
2026-04-07T10:30:01:  HTTP  4/7/2026 10:30:01 AM ::1 Returned 304 in 1 ms
2026-04-07T10:30:01:  HTTP  4/7/2026 10:30:01 AM ::1 GET /
2026-04-07T10:30:01:  HTTP  4/7/2026 10:30:01 AM ::1 Returned 304 in 3 ms
2026-04-07T10:30:01:  HTTP  4/7/2026 10:30:01 AM ::1 GET /logokma.png
2026-04-07T10:30:01:  HTTP  4/7/2026 10:30:01 AM ::1 Returned 304 in 3 ms
2026-04-07T10:30:01:  HTTP  4/7/2026 10:30:01 AM ::1 GET /favicon.ico
2026-04-07T10:30:01:  HTTP  4/7/2026 10:30:01 AM ::1 Returned 304 in 1 ms
2026-04-07T10:30:01:  HTTP  4/7/2026 10:30:01 AM ::1 GET /
2026-04-07T10:30:01:  HTTP  4/7/2026 10:30:01 AM ::1 Returned 304 in 2 ms
2026-04-07T10:30:01:  HTTP  4/7/2026 10:30:01 AM ::1 GET /logokma.png
2026-04-07T10:30:01:  HTTP  4/7/2026 10:30:01 AM ::1 Returned 304 in 1 ms
2026-04-07T10:30:01:  HTTP  4/7/2026 10:30:01 AM ::1 GET /favicon.ico
2026-04-07T10:30:01:  HTTP  4/7/2026 10:30:01 AM ::1 Returned 304 in 1 ms
2026-04-07T10:30:32:  HTTP  4/7/2026 10:30:32 AM ::1 GET /
2026-04-07T10:30:32:  HTTP  4/7/2026 10:30:32 AM ::1 Returned 200 in 1 ms
2026-04-07T10:30:32:  HTTP  4/7/2026 10:30:32 AM ::1 GET /logokma.png
2026-04-07T10:30:32:  HTTP  4/7/2026 10:30:32 AM ::1 Returned 304 in 2 ms
2026-04-07T10:30:32:  HTTP  4/7/2026 10:30:32 AM ::1 GET /favicon.ico
2026-04-07T10:30:32:  HTTP  4/7/2026 10:30:32 AM ::1 Returned 200 in 1 ms
2026-04-07T10:30:59:  HTTP  4/7/2026 10:30:59 AM ::1 GET /
2026-04-07T10:30:59:  HTTP  4/7/2026 10:30:59 AM ::1 Returned 200 in 2 ms
2026-04-07T10:30:59:  HTTP  4/7/2026 10:30:59 AM ::1 GET /logokma.png
2026-04-07T10:30:59:  HTTP  4/7/2026 10:30:59 AM ::1 Returned 304 in 1 ms
2026-04-07T10:30:59:  HTTP  4/7/2026 10:30:59 AM ::1 GET /favicon.ico
2026-04-07T10:30:59:  HTTP  4/7/2026 10:30:59 AM ::1 Returned 200 in 2 ms
2026-04-07T10:31:01:  HTTP  4/7/2026 10:31:01 AM ::1 GET /
2026-04-07T10:31:01:  HTTP  4/7/2026 10:31:01 AM ::1 Returned 304 in 1 ms
2026-04-07T10:31:01:  HTTP  4/7/2026 10:31:01 AM ::1 GET /logokma.png
2026-04-07T10:31:01:  HTTP  4/7/2026 10:31:01 AM ::1 Returned 304 in 1 ms
2026-04-07T10:31:01:  HTTP  4/7/2026 10:31:01 AM ::1 GET /favicon.ico
2026-04-07T10:31:01:  HTTP  4/7/2026 10:31:01 AM ::1 Returned 304 in 1 ms
2026-04-07T10:31:01:  HTTP  4/7/2026 10:31:01 AM ::1 GET /
2026-04-07T10:31:01:  HTTP  4/7/2026 10:31:01 AM ::1 Returned 304 in 2 ms
2026-04-07T10:31:01:  HTTP  4/7/2026 10:31:01 AM ::1 GET /logokma.png
2026-04-07T10:31:01:  HTTP  4/7/2026 10:31:01 AM ::1 Returned 304 in 2 ms
2026-04-07T10:31:01:  HTTP  4/7/2026 10:31:01 AM ::1 GET /favicon.ico
2026-04-07T10:31:01:  HTTP  4/7/2026 10:31:01 AM ::1 Returned 304 in 1 ms
2026-04-07T10:39:19:  HTTP  4/7/2026 10:39:19 AM ::1 GET /
2026-04-07T10:39:19:  HTTP  4/7/2026 10:39:19 AM ::1 Returned 304 in 2 ms
2026-04-07T10:39:19:  HTTP  4/7/2026 10:39:19 AM ::1 GET /logokma.png
2026-04-07T10:39:19:  HTTP  4/7/2026 10:39:19 AM ::1 Returned 304 in 1 ms
2026-04-07T10:39:19:  HTTP  4/7/2026 10:39:19 AM ::1 GET /favicon.ico
2026-04-07T10:39:19:  HTTP  4/7/2026 10:39:19 AM ::1 Returned 304 in 2 ms
2026-04-07T10:40:21:  HTTP  4/7/2026 10:40:21 AM ::1 GET /
2026-04-07T10:40:21:  HTTP  4/7/2026 10:40:21 AM ::1 Returned 200 in 3 ms
2026-04-07T10:40:21:  HTTP  4/7/2026 10:40:21 AM ::1 GET /logokma.png
2026-04-07T10:40:21:  HTTP  4/7/2026 10:40:21 AM ::1 Returned 304 in 1 ms
2026-04-07T10:40:21:  HTTP  4/7/2026 10:40:21 AM ::1 GET /favicon.ico
2026-04-07T10:40:21:  HTTP  4/7/2026 10:40:21 AM ::1 Returned 200 in 2 ms
2026-04-07T10:40:25:  HTTP  4/7/2026 10:40:25 AM ::1 GET /
2026-04-07T10:40:25:  HTTP  4/7/2026 10:40:25 AM ::1 Returned 304 in 2 ms
2026-04-07T10:40:25:  HTTP  4/7/2026 10:40:25 AM ::1 GET /logokma.png
2026-04-07T10:40:25:  HTTP  4/7/2026 10:40:25 AM ::1 Returned 304 in 2 ms
2026-04-07T10:40:25:  HTTP  4/7/2026 10:40:25 AM ::1 GET /favicon.ico
2026-04-07T10:40:25:  HTTP  4/7/2026 10:40:25 AM ::1 Returned 304 in 1 ms
2026-04-07T10:40:25:  HTTP  4/7/2026 10:40:25 AM ::1 GET /
2026-04-07T10:40:25:  HTTP  4/7/2026 10:40:25 AM ::1 Returned 304 in 1 ms
2026-04-07T10:40:25:  HTTP  4/7/2026 10:40:25 AM ::1 GET /logokma.png
2026-04-07T10:40:25:  HTTP  4/7/2026 10:40:25 AM ::1 Returned 304 in 3 ms
2026-04-07T10:40:26:  HTTP  4/7/2026 10:40:26 AM ::1 GET /favicon.ico
2026-04-07T10:40:26:  HTTP  4/7/2026 10:40:26 AM ::1 Returned 304 in 1 ms
2026-04-07T10:40:26:  HTTP  4/7/2026 10:40:26 AM ::1 GET /
2026-04-07T10:40:26:  HTTP  4/7/2026 10:40:26 AM ::1 Returned 304 in 1 ms
2026-04-07T10:40:26:  HTTP  4/7/2026 10:40:26 AM ::1 GET /logokma.png
2026-04-07T10:40:26:  HTTP  4/7/2026 10:40:26 AM ::1 Returned 304 in 2 ms
2026-04-07T10:40:26:  HTTP  4/7/2026 10:40:26 AM ::1 GET /favicon.ico
2026-04-07T10:40:26:  HTTP  4/7/2026 10:40:26 AM ::1 Returned 304 in 1 ms
2026-04-07T10:40:26:  HTTP  4/7/2026 10:40:26 AM ::1 GET /
2026-04-07T10:40:26:  HTTP  4/7/2026 10:40:26 AM ::1 Returned 304 in 2 ms
2026-04-07T10:40:26:  HTTP  4/7/2026 10:40:26 AM ::1 GET /logokma.png
2026-04-07T10:40:26:  HTTP  4/7/2026 10:40:26 AM ::1 Returned 304 in 2 ms
2026-04-07T10:40:26:  HTTP  4/7/2026 10:40:26 AM ::1 GET /favicon.ico
2026-04-07T10:40:26:  HTTP  4/7/2026 10:40:26 AM ::1 Returned 304 in 1 ms
2026-04-07T10:40:27:  HTTP  4/7/2026 10:40:27 AM ::1 GET /
2026-04-07T10:40:27:  HTTP  4/7/2026 10:40:27 AM ::1 Returned 304 in 1 ms
2026-04-07T10:40:27:  HTTP  4/7/2026 10:40:27 AM ::1 GET /logokma.png
2026-04-07T10:40:27:  HTTP  4/7/2026 10:40:27 AM ::1 Returned 304 in 1 ms
2026-04-07T10:40:27:  HTTP  4/7/2026 10:40:27 AM ::1 GET /favicon.ico
2026-04-07T10:40:27:  HTTP  4/7/2026 10:40:27 AM ::1 Returned 304 in 1 ms
2026-04-07T10:40:27:  HTTP  4/7/2026 10:40:27 AM ::1 GET /
2026-04-07T10:40:27:  HTTP  4/7/2026 10:40:27 AM ::1 Returned 304 in 1 ms
2026-04-07T10:40:27:  HTTP  4/7/2026 10:40:27 AM ::1 GET /logokma.png
2026-04-07T10:40:27:  HTTP  4/7/2026 10:40:27 AM ::1 Returned 304 in 2 ms
2026-04-07T10:40:27:  HTTP  4/7/2026 10:40:27 AM ::1 GET /favicon.ico
2026-04-07T10:40:27:  HTTP  4/7/2026 10:40:27 AM ::1 Returned 304 in 1 ms
2026-04-07T10:40:28:  HTTP  4/7/2026 10:40:28 AM ::1 GET /
2026-04-07T10:40:28:  HTTP  4/7/2026 10:40:28 AM ::1 Returned 304 in 2 ms
2026-04-07T10:40:28:  HTTP  4/7/2026 10:40:28 AM ::1 GET /logokma.png
2026-04-07T10:40:28:  HTTP  4/7/2026 10:40:28 AM ::1 Returned 304 in 3 ms
2026-04-07T10:40:28:  HTTP  4/7/2026 10:40:28 AM ::1 GET /favicon.ico
2026-04-07T10:40:28:  HTTP  4/7/2026 10:40:28 AM ::1 Returned 304 in 4 ms
2026-04-07T10:40:28:  HTTP  4/7/2026 10:40:28 AM ::1 GET /
2026-04-07T10:40:28:  HTTP  4/7/2026 10:40:28 AM ::1 Returned 304 in 2 ms
2026-04-07T10:40:28:  HTTP  4/7/2026 10:40:28 AM ::1 GET /logokma.png
2026-04-07T10:40:28:  HTTP  4/7/2026 10:40:28 AM ::1 Returned 304 in 2 ms
2026-04-07T10:40:28:  HTTP  4/7/2026 10:40:28 AM ::1 GET /favicon.ico
2026-04-07T10:40:28:  HTTP  4/7/2026 10:40:28 AM ::1 Returned 304 in 1 ms
2026-04-07T10:40:29:  HTTP  4/7/2026 10:40:29 AM ::1 GET /
2026-04-07T10:40:29:  HTTP  4/7/2026 10:40:29 AM ::1 Returned 304 in 2 ms
2026-04-07T10:40:29:  HTTP  4/7/2026 10:40:29 AM ::1 GET /logokma.png
2026-04-07T10:40:29:  HTTP  4/7/2026 10:40:29 AM ::1 Returned 304 in 1 ms
2026-04-07T10:40:29:  HTTP  4/7/2026 10:40:29 AM ::1 GET /favicon.ico
2026-04-07T10:40:29:  HTTP  4/7/2026 10:40:29 AM ::1 Returned 304 in 7 ms
2026-04-07T10:40:29:  HTTP  4/7/2026 10:40:29 AM ::1 GET /
2026-04-07T10:40:29:  HTTP  4/7/2026 10:40:29 AM ::1 Returned 304 in 1 ms
2026-04-07T10:40:29:  HTTP  4/7/2026 10:40:29 AM ::1 GET /logokma.png
2026-04-07T10:40:29:  HTTP  4/7/2026 10:40:29 AM ::1 Returned 304 in 1 ms
2026-04-07T10:40:29:  HTTP  4/7/2026 10:40:29 AM ::1 GET /favicon.ico
2026-04-07T10:40:29:  HTTP  4/7/2026 10:40:29 AM ::1 Returned 304 in 1 ms
2026-04-07T10:40:30:  HTTP  4/7/2026 10:40:30 AM ::1 GET /
2026-04-07T10:40:30:  HTTP  4/7/2026 10:40:30 AM ::1 Returned 304 in 1 ms
2026-04-07T10:40:30:  HTTP  4/7/2026 10:40:30 AM ::1 GET /logokma.png
2026-04-07T10:40:30:  HTTP  4/7/2026 10:40:30 AM ::1 Returned 304 in 1 ms
2026-04-07T10:40:30:  HTTP  4/7/2026 10:40:30 AM ::1 GET /favicon.ico
2026-04-07T10:40:30:  HTTP  4/7/2026 10:40:30 AM ::1 Returned 304 in 1 ms
2026-04-07T10:40:30:  HTTP  4/7/2026 10:40:30 AM ::1 GET /
2026-04-07T10:40:30:  HTTP  4/7/2026 10:40:30 AM ::1 Returned 304 in 1 ms
2026-04-07T10:40:30:  HTTP  4/7/2026 10:40:30 AM ::1 GET /logokma.png
2026-04-07T10:40:30:  HTTP  4/7/2026 10:40:30 AM ::1 Returned 304 in 2 ms
2026-04-07T10:40:30:  HTTP  4/7/2026 10:40:30 AM ::1 GET /favicon.ico
2026-04-07T10:40:30:  HTTP  4/7/2026 10:40:30 AM ::1 Returned 304 in 2 ms
2026-04-07T10:40:31:  HTTP  4/7/2026 10:40:31 AM ::1 GET /
2026-04-07T10:40:31:  HTTP  4/7/2026 10:40:31 AM ::1 Returned 304 in 2 ms
2026-04-07T10:40:31:  HTTP  4/7/2026 10:40:31 AM ::1 GET /logokma.png
2026-04-07T10:40:31:  HTTP  4/7/2026 10:40:31 AM ::1 Returned 304 in 2 ms
2026-04-07T10:40:31:  HTTP  4/7/2026 10:40:31 AM ::1 GET /favicon.ico
2026-04-07T10:40:31:  HTTP  4/7/2026 10:40:31 AM ::1 Returned 304 in 1 ms
2026-04-07T10:40:31:  HTTP  4/7/2026 10:40:31 AM ::1 GET /
2026-04-07T10:40:31:  HTTP  4/7/2026 10:40:31 AM ::1 Returned 304 in 1 ms
2026-04-07T10:40:31:  HTTP  4/7/2026 10:40:31 AM ::1 GET /logokma.png
2026-04-07T10:40:31:  HTTP  4/7/2026 10:40:31 AM ::1 Returned 304 in 2 ms
2026-04-07T10:40:31:  HTTP  4/7/2026 10:40:31 AM ::1 GET /favicon.ico
2026-04-07T10:40:31:  HTTP  4/7/2026 10:40:31 AM ::1 Returned 304 in 1 ms
2026-04-07T10:40:31:  HTTP  4/7/2026 10:40:31 AM ::1 GET /
2026-04-07T10:40:31:  HTTP  4/7/2026 10:40:31 AM ::1 Returned 304 in 1 ms
2026-04-07T10:40:31:  HTTP  4/7/2026 10:40:31 AM ::1 GET /logokma.png
2026-04-07T10:40:31:  HTTP  4/7/2026 10:40:31 AM ::1 Returned 304 in 2 ms
2026-04-07T10:40:31:  HTTP  4/7/2026 10:40:31 AM ::1 GET /favicon.ico
2026-04-07T10:40:31:  HTTP  4/7/2026 10:40:31 AM ::1 Returned 304 in 2 ms
